[2026-04-08T20:30:17.071512+00:00] [workflow] execute_simulation_workflow started with continue_on_error=True
[2026-04-08T20:30:18.280122+00:00] [workflow] Loaded 2 planned run(s).
[2026-04-08T20:30:18.280645+00:00] [workflow] Starting run 1/2 (run_0).
[2026-04-08T20:30:18.280898+00:00] [workflow] Running initialize for run 1/2 (run_0).
[2026-04-08T20:30:20.027924+00:00] [workflow] Completed initialize for run 1/2 (run_0).
[2026-04-08T20:30:20.028232+00:00] [workflow] Running compress for run 1/2 (run_0).
[2026-04-08T20:30:21.569563+00:00] [workflow] Completed compress for run 1/2 (run_0).
[2026-04-08T20:30:21.569875+00:00] [workflow] Running sample for run 1/2 (run_0).
[2026-04-08T20:31:45.687809+00:00] [workflow] Completed sample for run 1/2 (run_0).
[2026-04-08T20:31:45.690017+00:00] [workflow] Running analyze for run 1/2 (run_0).
[2026-04-08T20:31:49.413250+00:00] [workflow] Completed analyze for run 1/2 (run_0).
[2026-04-08T20:31:49.415155+00:00] [workflow] Finished run 1/2 (run_0).
[2026-04-08T20:31:49.417273+00:00] [workflow] Starting run 2/2 (run_1).
[2026-04-08T20:31:49.418357+00:00] [workflow] Running initialize for run 2/2 (run_1).
[2026-04-08T20:31:51.561402+00:00] [workflow] Completed initialize for run 2/2 (run_1).
[2026-04-08T20:31:51.562890+00:00] [workflow] Running compress for run 2/2 (run_1).
[2026-04-08T20:32:05.627989+00:00] [workflow] Completed compress for run 2/2 (run_1).
[2026-04-08T20:32:05.630904+00:00] [workflow] Running sample for run 2/2 (run_1).
[2026-04-08T20:40:12.139388+00:00] [workflow] Completed sample for run 2/2 (run_1).
[2026-04-08T20:40:12.140535+00:00] [workflow] Running analyze for run 2/2 (run_1).
[2026-04-08T20:40:13.600818+00:00] [workflow] Completed analyze for run 2/2 (run_1).
[2026-04-08T20:40:13.602914+00:00] [workflow] Finished run 2/2 (run_1).
[2026-04-08T20:40:13.604734+00:00] [workflow] Workflow finished: 2 planned run(s) processed.
