[2026-04-08T20:25:38.069963+00:00] [workflow] execute_simulation_workflow started with continue_on_error=True
[2026-04-08T20:25:38.968468+00:00] [workflow] Loaded 2 planned run(s).
[2026-04-08T20:25:38.968997+00:00] [workflow] Starting run 1/2 (run_0).
[2026-04-08T20:25:38.969261+00:00] [workflow] Running initialize for run 1/2 (run_0).
[2026-04-08T20:25:40.709818+00:00] [workflow] Completed initialize for run 1/2 (run_0).
[2026-04-08T20:25:40.710144+00:00] [workflow] Running compress for run 1/2 (run_0).
[2026-04-08T20:25:41.889135+00:00] [workflow] Completed compress for run 1/2 (run_0).
[2026-04-08T20:25:41.889400+00:00] [workflow] Running sample for run 1/2 (run_0).
[2026-04-08T20:25:44.151088+00:00] [workflow] Completed sample for run 1/2 (run_0).
[2026-04-08T20:25:44.151421+00:00] [workflow] Running analyze for run 1/2 (run_0).
[2026-04-08T20:25:44.676003+00:00] [workflow] Completed analyze for run 1/2 (run_0).
[2026-04-08T20:25:44.676396+00:00] [workflow] Finished run 1/2 (run_0).
[2026-04-08T20:25:44.676767+00:00] [workflow] Starting run 2/2 (run_1).
[2026-04-08T20:25:44.676994+00:00] [workflow] Running initialize for run 2/2 (run_1).
[2026-04-08T20:25:45.321142+00:00] [workflow] Completed initialize for run 2/2 (run_1).
[2026-04-08T20:25:45.321442+00:00] [workflow] Running compress for run 2/2 (run_1).
[2026-04-08T20:25:46.883627+00:00] [workflow] Completed compress for run 2/2 (run_1).
[2026-04-08T20:25:46.883959+00:00] [workflow] Running sample for run 2/2 (run_1).
[2026-04-08T20:25:50.001407+00:00] [workflow] Completed sample for run 2/2 (run_1).
[2026-04-08T20:25:50.001700+00:00] [workflow] Running analyze for run 2/2 (run_1).
[2026-04-08T20:25:50.170089+00:00] [workflow] Completed analyze for run 2/2 (run_1).
[2026-04-08T20:25:50.170502+00:00] [workflow] Finished run 2/2 (run_1).
[2026-04-08T20:25:50.170861+00:00] [workflow] Workflow finished: 2 planned run(s) processed.
