[2026-04-08T20:28:09.143754+00:00] [workflow] execute_simulation_workflow started with continue_on_error=True
[2026-04-08T20:28:09.149912+00:00] [workflow] Loaded 2 planned run(s).
[2026-04-08T20:28:09.152577+00:00] [workflow] Starting run 1/2 (run_0).
[2026-04-08T20:28:09.153641+00:00] [workflow] Running initialize for run 1/2 (run_0).
[2026-04-08T20:28:11.516492+00:00] [workflow] Completed initialize for run 1/2 (run_0).
[2026-04-08T20:28:11.518144+00:00] [workflow] Running compress for run 1/2 (run_0).
[2026-04-08T20:28:17.096783+00:00] [workflow] Completed compress for run 1/2 (run_0).
[2026-04-08T20:28:17.098690+00:00] [workflow] Running sample for run 1/2 (run_0).
[2026-04-08T20:28:27.810268+00:00] [workflow] Completed sample for run 1/2 (run_0).
[2026-04-08T20:28:27.811963+00:00] [workflow] Running analyze for run 1/2 (run_0).
[2026-04-08T20:28:28.793236+00:00] [workflow] Completed analyze for run 1/2 (run_0).
[2026-04-08T20:28:28.795359+00:00] [workflow] Finished run 1/2 (run_0).
[2026-04-08T20:28:28.797595+00:00] [workflow] Starting run 2/2 (run_1).
[2026-04-08T20:28:28.799494+00:00] [workflow] Running initialize for run 2/2 (run_1).
[2026-04-08T20:28:30.854150+00:00] [workflow] Completed initialize for run 2/2 (run_1).
[2026-04-08T20:28:30.856013+00:00] [workflow] Running compress for run 2/2 (run_1).
[2026-04-08T20:28:35.084182+00:00] [workflow] Completed compress for run 2/2 (run_1).
[2026-04-08T20:28:35.086847+00:00] [workflow] Running sample for run 2/2 (run_1).
[2026-04-08T20:28:48.995248+00:00] [workflow] Completed sample for run 2/2 (run_1).
[2026-04-08T20:28:48.997176+00:00] [workflow] Running analyze for run 2/2 (run_1).
[2026-04-08T20:28:49.914467+00:00] [workflow] Completed analyze for run 2/2 (run_1).
[2026-04-08T20:28:49.916253+00:00] [workflow] Finished run 2/2 (run_1).
[2026-04-08T20:28:49.918788+00:00] [workflow] Workflow finished: 2 planned run(s) processed.
