[2026-04-08T20:25:50.179659+00:00] [workflow] execute_simulation_workflow started with continue_on_error=True
[2026-04-08T20:25:50.180853+00:00] [workflow] Loaded 2 planned run(s).
[2026-04-08T20:25:50.181303+00:00] [workflow] Starting run 1/2 (run_0).
[2026-04-08T20:25:50.181518+00:00] [workflow] Running initialize for run 1/2 (run_0).
[2026-04-08T20:25:50.770673+00:00] [workflow] Completed initialize for run 1/2 (run_0).
[2026-04-08T20:25:50.770943+00:00] [workflow] Running compress for run 1/2 (run_0).
[2026-04-08T20:25:52.487247+00:00] [workflow] Completed compress for run 1/2 (run_0).
[2026-04-08T20:25:52.487596+00:00] [workflow] Running sample for run 1/2 (run_0).
[2026-04-08T20:25:54.974467+00:00] [workflow] Completed sample for run 1/2 (run_0).
[2026-04-08T20:25:54.974823+00:00] [workflow] Running analyze for run 1/2 (run_0).
[2026-04-08T20:25:55.577195+00:00] [workflow] Completed analyze for run 1/2 (run_0).
[2026-04-08T20:25:55.577700+00:00] [workflow] Finished run 1/2 (run_0).
[2026-04-08T20:25:55.578162+00:00] [workflow] Starting run 2/2 (run_1).
[2026-04-08T20:25:55.578498+00:00] [workflow] Running initialize for run 2/2 (run_1).
[2026-04-08T20:25:56.554419+00:00] [workflow] Completed initialize for run 2/2 (run_1).
[2026-04-08T20:25:56.554837+00:00] [workflow] Running compress for run 2/2 (run_1).
[2026-04-08T20:25:58.182185+00:00] [workflow] Completed compress for run 2/2 (run_1).
[2026-04-08T20:25:58.182491+00:00] [workflow] Running sample for run 2/2 (run_1).
[2026-04-08T20:26:00.393623+00:00] [workflow] Completed sample for run 2/2 (run_1).
[2026-04-08T20:26:00.393938+00:00] [workflow] Running analyze for run 2/2 (run_1).
[2026-04-08T20:26:00.926276+00:00] [workflow] Completed analyze for run 2/2 (run_1).
[2026-04-08T20:26:00.926797+00:00] [workflow] Finished run 2/2 (run_1).
[2026-04-08T20:26:00.927254+00:00] [workflow] Workflow finished: 2 planned run(s) processed.
