[2026-04-08T20:42:08.050104+00:00] [workflow] execute_simulation_workflow started with continue_on_error=True
[2026-04-08T20:42:09.206074+00:00] [workflow] Loaded 2 planned run(s).
[2026-04-08T20:42:09.206636+00:00] [workflow] Starting run 1/2 (run_0).
[2026-04-08T20:42:09.206916+00:00] [workflow] Running initialize for run 1/2 (run_0).
[2026-04-08T20:42:10.977083+00:00] [workflow] Completed initialize for run 1/2 (run_0).
[2026-04-08T20:42:10.977404+00:00] [workflow] Running compress for run 1/2 (run_0).
[2026-04-08T20:42:12.190745+00:00] [workflow] Completed compress for run 1/2 (run_0).
[2026-04-08T20:42:12.191128+00:00] [workflow] Running sample for run 1/2 (run_0).
[2026-04-08T20:42:19.444180+00:00] [workflow] Completed sample for run 1/2 (run_0).
[2026-04-08T20:42:19.444501+00:00] [workflow] Running analyze for run 1/2 (run_0).
[2026-04-08T20:42:19.989205+00:00] [workflow] Completed analyze for run 1/2 (run_0).
[2026-04-08T20:42:19.989873+00:00] [workflow] Finished run 1/2 (run_0).
[2026-04-08T20:42:19.990322+00:00] [workflow] Starting run 2/2 (run_1).
[2026-04-08T20:42:19.990653+00:00] [workflow] Running initialize for run 2/2 (run_1).
[2026-04-08T20:42:20.622058+00:00] [workflow] Completed initialize for run 2/2 (run_1).
[2026-04-08T20:42:20.622391+00:00] [workflow] Running compress for run 2/2 (run_1).
[2026-04-08T20:42:21.763298+00:00] [workflow] Completed compress for run 2/2 (run_1).
[2026-04-08T20:42:21.763586+00:00] [workflow] Running sample for run 2/2 (run_1).
[2026-04-08T20:42:30.009022+00:00] [workflow] Completed sample for run 2/2 (run_1).
[2026-04-08T20:42:30.009366+00:00] [workflow] Running analyze for run 2/2 (run_1).
[2026-04-08T20:42:30.168784+00:00] [workflow] Completed analyze for run 2/2 (run_1).
[2026-04-08T20:42:30.169233+00:00] [workflow] Finished run 2/2 (run_1).
[2026-04-08T20:42:30.169610+00:00] [workflow] Workflow finished: 2 planned run(s) processed.
